---
source: tests/requests/measure.rs
expression: random_weight
---
RandomWeightResponse {
    input_amt: 1.0,
    input_type: Kgs,
    output_weight: "1000 grams",
}
