---
source: tests/requests/measure.rs
expression: "(measures.status_code(), measures.text())"
---
(
    200,
    "{\"created_at\":\"DATE\",\"updated_at\":\"DATE\",\"id\":ID,\"name\":\"cheeseburger\",\"name_plural\":\"cheeseburgers\",\"grams\":500.0}",
)
