---
source: tests/requests/measure.rs
expression: random_weight
---
RandomWeightResponse {
    when: DATEZ,
    input_amt: 100.0,
    input_type: Lbs,
    output_weight: "45359.2",
    units: "grams",
}
