---
source: tests/requests/measure.rs
expression: "(all_measures, measures)"
---
(
    [
        Measure {
            id: 1,
            name: "grams",
            grams: 1.0,
        },
    ],
    [],
)
